// Jest Snapshot v1, https://goo.gl/fbAQLP

exports[`Cart Match snapshot 1`] = `
<Router
  history={
    Object {
      "action": "POP",
      "block": [Function],
      "canGo": [Function],
      "createHref": [Function],
      "entries": Array [
        Object {
          "hash": "",
          "key": "m8op1i",
          "pathname": "/",
          "search": "",
          "state": undefined,
        },
      ],
      "go": [Function],
      "goBack": [Function],
      "goForward": [Function],
      "index": 0,
      "length": 1,
      "listen": [Function],
      "location": Object {
        "hash": "",
        "key": "m8op1i",
        "pathname": "/",
        "search": "",
        "state": undefined,
      },
      "push": [Function],
      "replace": [Function],
    }
  }
>
  <Component
    countProducts={1}
    getSelectedItems={[Function]}
    items={
      Array [
        Object {
          "category": "category",
          "checked": true,
          "id": 0,
          "price": 10,
          "rating": 5,
          "sale": 0.9,
          "title": "title",
        },
        Object {
          "category": "category 1",
          "checked": true,
          "id": 1,
          "price": 1,
          "rating": 3,
          "sale": 0.5,
          "title": "title 1",
        },
      ]
    }
    removeFromCart={[Function]}
    total={1}
  />
</Router>
`;
